// Jest Snapshot v1, https://goo.gl/fbAQLP

exports[`Settings page Should render 1`] = `
<div>
  <div
    class="sc-eCYdqJ"
  >
    <div
      class="sc-bczRLJ jvcWzg"
    >
      <section>
        <h2>
          Vamos come√ßar!
        </h2>
        <form
          class="sc-dkzDqf hWOVKR"
        >
          <div
            class="grupo-input-btn"
          >
            <input
              placeholder="Insira os nomes dos participantes"
              type="text"
              value=""
            />
            <button
              disabled=""
            >
              Adicionar
            </button>
          </div>
          
        </form>
        <ul />
        <footer
          class="sc-gsnTZi iFbUYD"
        >
          <button
            disabled=""
          >
            Iniciar brincadeira!
          </button>
          <img
            alt="Sacolas de compras"
            src="/imagens/sacolas.png"
          />
        </footer>
      </section>
    </div>
  </div>
</div>
`;
